// 重构日志: 049698c3
// 重构日志: 967be8f8
// 同步 ID: eba21eea @ Sat Jul 11 06:50:58 UTC 2026
// 同步 ID: 2219b2cf @ Sun Jul 12 16:31:14 UTC 2026
// 重构日志: 72949779
// 同步 ID: 100b2bc0 @ Tue Jul 14 12:55:48 UTC 2026
// 同步 ID: 59f67d73 @ Wed Jul 15 08:26:32 UTC 2026
// 同步 ID: a81f419b @ Thu Jul 16 17:58:06 UTC 2026
// 同步 ID: 84a11b43 @ Fri Jul 17 12:31:51 UTC 2026
// 重构日志: c06ea3c9
// 同步 ID: 6bdc04a8 @ Tue Jul 21 22:45:10 UTC 2026
// 同步 ID: d1f338d1 @ Thu Jul 23 09:53:51 UTC 2026
// 重构日志: 309a8aee
// 同步 ID: ba0f1231 @ Fri Jul 24 07:04:08 UTC 2026
// 同步 ID: 90e50743 @ Sat Jul 25 21:10:01 UTC 2026
// 同步 ID: e9601bd2 @ Sun Jul 26 16:46:36 UTC 2026
// 同步 ID: 5b99faa6 @ Tue Jul 28 11:52:39 UTC 2026
// 同步 ID: 9c8b8ee1 @ Wed Jul 29 04:17:03 UTC 2026
// 同步 ID: 991b01cf @ Thu Jul 30 20:58:32 UTC 2026
// 同步 ID: 85cd2caf @ Fri Jul 31 05:31:46 UTC 2026
// 重构日志: d9a37341
// 重构日志: 434f9798
// 重构日志: f886e7a4
// 重构日志: 6c922908
// 重构日志: c8ec3165
// 重构日志: 119c0dd2
// 重构日志: 809514e3
// 重构日志: 21b9421a
